Class BS
  fields:
    int[] number
    int size
  methods:
    Div
      return type: int
      parameters:
        int num
      variables:
        int count02
        int count01
        int aux03
    Print
      return type: int
      parameters:
      variables:
        int j
    Init
      return type: int
      parameters:
        int sz
      variables:
        int aux01
        int j
        int k
        int aux02
    Start
      return type: int
      parameters:
        int sz
      variables:
        int aux01
        int aux02
    Search
      return type: boolean
      parameters:
        int num
      variables:
        boolean var_cont
        int left
        int nt
        int aux01
        int right
        int medium
        boolean bs01
    Compare
      return type: boolean
      parameters:
        int num1
        int num2
      variables:
        int aux02
        boolean retval
Class BinarySearch
  fields:
  methods:
    main
      return type: void
      parameters:
      variables:

